// Jest Snapshot v1, https://goo.gl/fbAQLP

exports[`lifecycle 1`] = `
[
  "Article.onInit",
  "Article.onBeforeProcess <<< [{}, {}]",
  "Article.process.[{"title":"Say hi","content":"Jam","children":[]}, {"color":"red"}]",
  "Header.onInit",
  "Header.onBeforeProcess <<< [{}, {}]",
  "Header.process.[{"color":"red","title":"TODAY:Say hi","content":"Jam","children":[{"props":{"children":[]},"children":[],"_ins":null},{"props":{"children":[]},"children":[],"_ins":null}]}, {}]",
  "Header.onAfterProcess <<< [{}, {}]",
  "Article.onAfterProcess <<< [{}, {}]",
  "Header.onDestroy",
  "Article.onDestroy",
  "Article.onInit",
  "Article.onBeforeProcess <<< [{}, {}]",
  "Article.process.[{"title":"Say hello","content":"Tom","children":[]}, {"color":"red"}]",
  "Header.onInit",
  "Header.onBeforeProcess <<< [{}, {}]",
  "Header.process.[{"color":"red","title":"TODAY:Say hello","content":"Tom","children":[{"props":{"children":[]},"children":[],"_ins":null},{"props":{"children":[]},"children":[],"_ins":null}]}, {}]",
  "Header.onAfterProcess <<< [{}, {}]",
  "Article.onAfterProcess <<< [{}, {}]",
  "Article.onBeforeProcess <<< [{"title":"Say hello","content":"Tom","children":[]}, {"color":"red"}]",
  "Article.process.[{"title":"Say hello","content":"Tom","children":[]}, {"color":"blue"}]",
  "Header.onBeforeProcess <<< [{"color":"red","title":"TODAY:Say hello","content":"Tom","children":[{"props":{"children":[]},"children":[],"_ins":null},{"props":{"children":[]},"children":[],"_ins":null}]}, {}]",
  "Header.process.[{"color":"blue","title":"TODAY:Say hello","content":"Tom","children":[{"props":{"children":[]},"children":[],"_ins":null},{"props":{"children":[]},"children":[],"_ins":null}]}, {}]",
  "Header.onAfterProcess <<< [{"color":"red","title":"TODAY:Say hello","content":"Tom","children":[{"props":{"children":[]},"children":[],"_ins":null},{"props":{"children":[]},"children":[],"_ins":null}]}, {}]",
  "Article.onAfterProcess <<< [{"title":"Say hello","content":"Tom","children":[]}, {"color":"red"}]",
]
`;
